
[FASE 3] Validando que estás en la raíz del proyecto...

[FASE 3] Preparando commit de seguridad antes de tocar Fase 3...
[fix/fase1-contrato-limpio 597b48f] backup antes de fase 3 backend modular 20260525_225619
 5 files changed, 2031 insertions(+), 1243 deletions(-)
 delete mode 100755 cerrar_fase1_contrato_limpio.sh
 create mode 100644 fase3_backend_modular.log
 create mode 100755 fase3_backend_modular.sh

[FASE 3] Backup marcado en rama: backup/fase3-before-20260525_225619

[FASE 3] Creando estructura backend modular...

[FASE 3] Respaldando routes.py como legacy...

[FASE 3] Creando utilidades compartidas...

[FASE 3] Creando repositorios separados por recurso...

[FASE 3] Implementando services reales...

[FASE 3] Creando endpoints separados por recurso...

[FASE 3] Actualizando backend/main.py para usar router v1 modular...

[FASE 3] Creando archivos SQL versionados si no existen...

[FASE 3] Creando documentación/checklist de Fase 3...

[FASE 3] Actualizando requirements.txt con dependencias de test si faltan...

[FASE 3] Creando tests mínimos de Fase 3...

[FASE 3] Ejecutando comprobaciones automáticas de Fase 3...

[FASE 3] 1/6: compileall
Listing 'app'...
Listing 'app/api'...
Compiling 'app/api/routes.py'...
Compiling 'app/api/routes_legacy_fase3_20260525_225619.py'...
Listing 'app/api/v1'...
Compiling 'app/api/v1/__init__.py'...
Listing 'app/api/v1/endpoints'...
Compiling 'app/api/v1/endpoints/__init__.py'...
Compiling 'app/api/v1/endpoints/amenities.py'...
Compiling 'app/api/v1/endpoints/health.py'...
Compiling 'app/api/v1/endpoints/market.py'...
Compiling 'app/api/v1/endpoints/matches.py'...
Compiling 'app/api/v1/endpoints/onboarding.py'...
Compiling 'app/api/v1/endpoints/owner_properties.py'...
Compiling 'app/api/v1/endpoints/profile.py'...
Compiling 'app/api/v1/endpoints/properties.py'...
Compiling 'app/api/v1/endpoints/swipes.py'...
Compiling 'app/api/v1/router.py'...
Listing 'app/core'...
Listing 'app/domain'...
Listing 'app/domain/graphs'...
Listing 'app/domain/market'...
Listing 'app/domain/matching'...
Listing 'app/infrastructure'...
Compiling 'app/infrastructure/__init__.py'...
Listing 'app/infrastructure/repositories'...
Compiling 'app/infrastructure/repositories/__init__.py'...
Compiling 'app/infrastructure/repositories/amenity_repo.py'...
Listing 'app/infrastructure/repositories/data'...
Compiling 'app/infrastructure/repositories/market_repo.py'...
Compiling 'app/infrastructure/repositories/match_repo.py'...
Compiling 'app/infrastructure/repositories/preference_repo.py'...
Compiling 'app/infrastructure/repositories/profile_repo.py'...
Compiling 'app/infrastructure/repositories/property_image_repo.py'...
Compiling 'app/infrastructure/repositories/property_repo.py'...
Compiling 'app/infrastructure/repositories/swipe_repo.py'...
Listing 'app/infrastructure/supabase'...
Listing 'app/schemas'...
Listing 'app/services'...
Compiling 'app/services/__init__.py'...
Compiling 'app/services/amenity_service.py'...
Compiling 'app/services/market_service.py'...
Compiling 'app/services/match_service.py'...
Compiling 'app/services/onboarding_service.py'...
Compiling 'app/services/owner_property_service.py'...
Compiling 'app/services/profile_service.py'...
Compiling 'app/services/property_service.py'...
Compiling 'app/services/swipe_service.py'...
Compiling 'app/services/valuation_service.py'...
Listing 'app/utils'...
Compiling 'app/utils/__init__.py'...
Compiling 'app/utils/pagination.py'...
Compiling 'main.py'...

[FASE 3] 2/6: import main y listar rutas
